[www.theiptv.store/index.html]
[backblue.gif]
[fade.gif]
[index.html]
[www.theiptv.store/favicon1bd7.ico]
[www.theiptv.store/apple-touch-icon1bd7.png]
[www.theiptv.store/favicon-32x321bd7.png]
[www.theiptv.store/android-chrome-192x1921bd7.png]
[www.theiptv.store/favicon-16x161bd7.png]
[www.theiptv.store/manifest1bd7.json]
[www.theiptv.store/-_-/common/fonts/Poppins-latin_latin-ext-regular.eot]
[www.theiptv.store/-_-/common/fonts/Poppins-latin_latin-ext-regulard41d.eot]
[www.theiptv.store/-_-/common/fonts/Poppins-latin_latin-ext-regular.woff2]
[www.theiptv.store/-_-/common/fonts/Poppins-latin_latin-ext-regular.woff]
[www.theiptv.store/-_-/common/fonts/Poppins-latin_latin-ext-regular.ttf]
[www.theiptv.store/-_-/common/fonts/Poppins-latin_latin-ext-regular.svg]
[www.theiptv.store/-_-/common/fonts/Poppins-latin_latin-ext-italic.eot]
[www.theiptv.store/-_-/common/fonts/Poppins-latin_latin-ext-italicd41d.eot]
[www.theiptv.store/-_-/common/fonts/Poppins-latin_latin-ext-italic.woff2]
[www.theiptv.store/-_-/common/fonts/Poppins-latin_latin-ext-italic.woff]
[www.theiptv.store/-_-/common/fonts/Poppins-latin_latin-ext-italic.ttf]
[www.theiptv.store/-_-/common/fonts/Poppins-latin_latin-ext-italic.svg]
[www.theiptv.store/-_-/common/fonts/Poppins-latin_latin-ext-500.eot]
[www.theiptv.store/-_-/common/fonts/Poppins-latin_latin-ext-500d41d.eot]
[www.theiptv.store/-_-/common/fonts/Poppins-latin_latin-ext-500.woff2]
[www.theiptv.store/-_-/common/fonts/Poppins-latin_latin-ext-500.woff]
[www.theiptv.store/-_-/common/fonts/Poppins-latin_latin-ext-500.ttf]
[www.theiptv.store/-_-/common/fonts/Poppins-latin_latin-ext-500.svg]
[www.theiptv.store/-_-/common/fonts/Poppins-latin_latin-ext-700.eot]
[www.theiptv.store/-_-/common/fonts/Poppins-latin_latin-ext-700d41d.eot]
[www.theiptv.store/-_-/common/fonts/Poppins-latin_latin-ext-700.woff2]
[www.theiptv.store/-_-/common/fonts/Poppins-latin_latin-ext-700.woff]
[www.theiptv.store/-_-/common/fonts/Poppins-latin_latin-ext-700.ttf]
[www.theiptv.store/-_-/common/fonts/Poppins-latin_latin-ext-700.svg]
[www.theiptv.store/-_-/common/fonts/Poppins-latin_latin-ext-500italic.eot]
[www.theiptv.store/-_-/common/fonts/Poppins-latin_latin-ext-500italicd41d.eot]
[www.theiptv.store/-_-/common/fonts/Poppins-latin_latin-ext-500italic.woff2]
[www.theiptv.store/-_-/common/fonts/Poppins-latin_latin-ext-500italic.woff]
[www.theiptv.store/-_-/common/fonts/Poppins-latin_latin-ext-500italic.ttf]
[www.theiptv.store/-_-/common/fonts/Poppins-latin_latin-ext-500italic.svg]
[www.theiptv.store/-_-/common/fonts/Poppins-latin_latin-ext-700italic.eot]
[www.theiptv.store/-_-/common/fonts/Poppins-latin_latin-ext-700italicd41d.eot]
[www.theiptv.store/-_-/common/fonts/Poppins-latin_latin-ext-700italic.woff2]
[www.theiptv.store/-_-/common/fonts/Poppins-latin_latin-ext-700italic.woff]
[www.theiptv.store/-_-/common/fonts/Poppins-latin_latin-ext-700italic.ttf]
[www.theiptv.store/-_-/common/fonts/Poppins-latin_latin-ext-700italic.svg]
[www.theiptv.store/-_-/common/fonts/OpenSans-latin_latin-ext-regular.eot]
[www.theiptv.store/-_-/common/fonts/OpenSans-latin_latin-ext-regulard41d.eot]
[www.theiptv.store/-_-/common/fonts/OpenSans-latin_latin-ext-regular.woff2]
[www.theiptv.store/-_-/common/fonts/OpenSans-latin_latin-ext-regular.woff]
[www.theiptv.store/-_-/common/fonts/OpenSans-latin_latin-ext-regular.ttf]
[www.theiptv.store/-_-/common/fonts/OpenSans-latin_latin-ext-regular.svg]
[www.theiptv.store/-_-/common/fonts/OpenSans-latin_latin-ext-italic.eot]
[www.theiptv.store/-_-/common/fonts/OpenSans-latin_latin-ext-italicd41d.eot]
[www.theiptv.store/-_-/common/fonts/OpenSans-latin_latin-ext-italic.woff2]
[www.theiptv.store/-_-/common/fonts/OpenSans-latin_latin-ext-italic.woff]
[www.theiptv.store/-_-/common/fonts/OpenSans-latin_latin-ext-italic.ttf]
[www.theiptv.store/-_-/common/fonts/OpenSans-latin_latin-ext-italic.svg]
[www.theiptv.store/-_-/common/fonts/OpenSans-latin_latin-ext-700.eot]
[www.theiptv.store/-_-/common/fonts/OpenSans-latin_latin-ext-700d41d.eot]
[www.theiptv.store/-_-/common/fonts/OpenSans-latin_latin-ext-700.woff2]
[www.theiptv.store/-_-/common/fonts/OpenSans-latin_latin-ext-700.woff]
[www.theiptv.store/-_-/common/fonts/OpenSans-latin_latin-ext-700.ttf]
[www.theiptv.store/-_-/common/fonts/OpenSans-latin_latin-ext-700.svg]
[www.theiptv.store/-_-/common/fonts/OpenSans-latin_latin-ext-700italic.eot]
[www.theiptv.store/-_-/common/fonts/OpenSans-latin_latin-ext-700italicd41d.eot]
[www.theiptv.store/-_-/common/fonts/OpenSans-latin_latin-ext-700italic.woff2]
[www.theiptv.store/-_-/common/fonts/OpenSans-latin_latin-ext-700italic.woff]
[www.theiptv.store/-_-/common/fonts/OpenSans-latin_latin-ext-700italic.ttf]
[www.theiptv.store/-_-/common/fonts/OpenSans-latin_latin-ext-700italic.svg]
[www.theiptv.store/_/-_-/res/b09cf76d-2972-451a-8e07-8e8f07105657/images/files/b09cf76d-2972-451a-8e07-8e8f07105657/4445acfb-dfae-4bcc-af00-c240bf5ebebe/2000-1333/1c041f27c53f6947cf76510995523c836d217044_]
[www.theiptv.store/-_-/res/b09cf76d-2972-451a-8e07-8e8f07105657/images/files/b09cf76d-2972-451a-8e07-8e8f07105657/5c2d0d49-1685-4430-9d60-9a41b22fb00c/512-128/ef997eae31f3cba0e1c7df844294938ab038fdce.png]
[www.theiptv.store/shop.html]
[www.theiptv.store/contact.html]
[www.theiptv.store/reseller.html]
[www.theiptv.store/shop00c4.html]
[www.theiptv.store/shop6cbd.html]
[www.theiptv.store/_/-_-/res/b09cf76d-2972-451a-8e07-8e8f07105657/images/files/b09cf76d-2972-451a-8e07-8e8f07105657/20c611ca-e549-4e63-9cf8-f2f8b2c7147f/2000-1125/b304a30b819876d51412f92830a24ca0be901223_]
[www.theiptv.store/-_-/common/fonts/SourceSansPro-latin_latin-ext-regular.eot]
[www.theiptv.store/-_-/common/fonts/SourceSansPro-latin_latin-ext-regulard41d.eot]
[www.theiptv.store/-_-/common/fonts/SourceSansPro-latin_latin-ext-regular.woff2]
[www.theiptv.store/-_-/common/fonts/SourceSansPro-latin_latin-ext-regular.woff]
[www.theiptv.store/-_-/common/fonts/SourceSansPro-latin_latin-ext-regular.ttf]
[www.theiptv.store/-_-/common/fonts/SourceSansPro-latin_latin-ext-regular.svg]
[www.theiptv.store/-_-/common/fonts/SourceSansPro-latin_latin-ext-italic.eot]
[www.theiptv.store/-_-/common/fonts/SourceSansPro-latin_latin-ext-italicd41d.eot]
[www.theiptv.store/-_-/common/fonts/SourceSansPro-latin_latin-ext-italic.woff2]
[www.theiptv.store/-_-/common/fonts/SourceSansPro-latin_latin-ext-italic.woff]
[www.theiptv.store/-_-/common/fonts/SourceSansPro-latin_latin-ext-italic.ttf]
[www.theiptv.store/-_-/common/fonts/SourceSansPro-latin_latin-ext-italic.svg]
[www.theiptv.store/-_-/common/fonts/SourceSansPro-latin_latin-ext-700.eot]
[www.theiptv.store/-_-/common/fonts/SourceSansPro-latin_latin-ext-700d41d.eot]
[www.theiptv.store/-_-/common/fonts/SourceSansPro-latin_latin-ext-700.woff2]
[www.theiptv.store/-_-/common/fonts/SourceSansPro-latin_latin-ext-700.woff]
[www.theiptv.store/-_-/common/fonts/SourceSansPro-latin_latin-ext-700.ttf]
[www.theiptv.store/-_-/common/fonts/SourceSansPro-latin_latin-ext-700.svg]
[www.theiptv.store/-_-/common/fonts/SourceSansPro-latin_latin-ext-700italic.eot]
[www.theiptv.store/-_-/common/fonts/SourceSansPro-latin_latin-ext-700italicd41d.eot]
[www.theiptv.store/-_-/common/fonts/SourceSansPro-latin_latin-ext-700italic.woff2]
[www.theiptv.store/-_-/common/fonts/SourceSansPro-latin_latin-ext-700italic.woff]
[www.theiptv.store/-_-/common/fonts/SourceSansPro-latin_latin-ext-700italic.ttf]
[www.theiptv.store/-_-/common/fonts/SourceSansPro-latin_latin-ext-700italic.svg]
[www.theiptv.store/-_-/res/b09cf76d-2972-451a-8e07-8e8f07105657/images/files/b09cf76d-2972-451a-8e07-8e8f07105657/3c163532-d667-42d2-b534-e055deb17ac3/618-346/66591bdbe7df8ea42d0a81c980ff71e3afb75d36.png]
[www.theiptv.store/-_-/res/b09cf76d-2972-451a-8e07-8e8f07105657/images/files/b09cf76d-2972-451a-8e07-8e8f07105657/71666040-fe45-4a48-a317-89aacaba5f14/581-337/8ccc303379ff2d857db8aec4d1c4dd2dc245c586.png]
[www.theiptv.store/-_-/common/fonts/BalooChettan-latin_latin-ext-regular.eot]
[www.theiptv.store/-_-/common/fonts/BalooChettan-latin_latin-ext-regulard41d.eot]
[www.theiptv.store/-_-/common/fonts/BalooChettan-latin_latin-ext-regular.woff2]
[www.theiptv.store/-_-/common/fonts/BalooChettan-latin_latin-ext-regular.woff]
[www.theiptv.store/-_-/common/fonts/BalooChettan-latin_latin-ext-regular.ttf]
[www.theiptv.store/-_-/common/fonts/BalooChettan-latin_latin-ext-regular.svg]
[www.theiptv.store/-_-/common/fonts/Oswald-latin_latin-ext-regular.eot]
[www.theiptv.store/-_-/common/fonts/Oswald-latin_latin-ext-regulard41d.eot]
[www.theiptv.store/-_-/common/fonts/Oswald-latin_latin-ext-regular.woff2]
[www.theiptv.store/-_-/common/fonts/Oswald-latin_latin-ext-regular.woff]
[www.theiptv.store/-_-/common/fonts/Oswald-latin_latin-ext-regular.ttf]
[www.theiptv.store/-_-/common/fonts/Oswald-latin_latin-ext-regular.svg]
[www.theiptv.store/-_-/common/fonts/Oswald-latin_latin-ext-500.eot]
[www.theiptv.store/-_-/common/fonts/Oswald-latin_latin-ext-500d41d.eot]
[www.theiptv.store/-_-/common/fonts/Oswald-latin_latin-ext-500.woff2]
[www.theiptv.store/-_-/common/fonts/Oswald-latin_latin-ext-500.woff]
[www.theiptv.store/-_-/common/fonts/Oswald-latin_latin-ext-500.ttf]
[www.theiptv.store/-_-/common/fonts/Oswald-latin_latin-ext-500.svg]
[www.theiptv.store/-_-/common/fonts/Oswald-latin_latin-ext-700.eot]
[www.theiptv.store/-_-/common/fonts/Oswald-latin_latin-ext-700d41d.eot]
[www.theiptv.store/-_-/common/fonts/Oswald-latin_latin-ext-700.woff2]
[www.theiptv.store/-_-/common/fonts/Oswald-latin_latin-ext-700.woff]
[www.theiptv.store/-_-/common/fonts/Oswald-latin_latin-ext-700.ttf]
[www.theiptv.store/-_-/common/fonts/Oswald-latin_latin-ext-700.svg]
[www.theiptv.store/-_-/res/b09cf76d-2972-451a-8e07-8e8f07105657/images/files/b09cf76d-2972-451a-8e07-8e8f07105657/e0d6d61a-f551-4cc0-a3ee-845ffcc54a2c/768-768/61551ae6ec3eaae24dea51f6d8956ad0c653f26c.jpg]
[www.theiptv.store/-_-/res/b09cf76d-2972-451a-8e07-8e8f07105657/images/files/b09cf76d-2972-451a-8e07-8e8f07105657/7b017d34-b00e-4067-a553-fa44bc2a9a74/768-768/c8868c113d0da04aedd8dba50bac3b307ac23b56.jpg]
[www.theiptv.store/-_-/res/b09cf76d-2972-451a-8e07-8e8f07105657/images/files/b09cf76d-2972-451a-8e07-8e8f07105657/a25aeac4-bc0c-4df1-bd4d-7401e3327cf2/768-768/4ea9fab565e0268aecb74cdd259273e5c1d1899d.jpg]
[www.theiptv.store/-_-/res/b09cf76d-2972-451a-8e07-8e8f07105657/images/files/b09cf76d-2972-451a-8e07-8e8f07105657/daa32d53-cf9e-46f5-ac1f-b09171caf90a/272-219/c5d87b49a257ae9e7cc4ff2a770bbf548c7e63c8.png]
[www.theiptv.store/-_-/res/b09cf76d-2972-451a-8e07-8e8f07105657/images/files/b09cf76d-2972-451a-8e07-8e8f07105657/2711219b-0b74-4397-acae-f203ce4bbe8c/768-396/5269aefbfe031b05dff44384c9c11f111366b590.png]
[www.theiptv.store/-_-/res/b09cf76d-2972-451a-8e07-8e8f07105657/images/files/b09cf76d-2972-451a-8e07-8e8f07105657/974a8c2a-f9ef-4b89-b48a-40fbbd4030d6/598-337/2d2300abd27a4e94841ee4f4f7df2f45174eb57f.jpg]
[www.theiptv.store/-_-/res/b09cf76d-2972-451a-8e07-8e8f07105657/images/files/b09cf76d-2972-451a-8e07-8e8f07105657/8a718e22-9b08-4687-8cf2-2dcd7496e1b0/144-36/1e20154ca0bbf7d2a5bcd7ac024d9e4577b3890b.png]
[www.theiptv.store/legal-notice.html]
[www.theiptv.store/privacy-policy.html]
[www.theiptv.store/terms-and-conditions.html]
[tif.webjavaskript.net/js/22728.js]
[www.theiptv.store/refunds.html]
[www.theiptv.store/-_-/common/services/consent/consent.js]
[www.theiptv.store/index.html]
[www.theiptv.store/-_-/common/fonts/Poppins-latin_latin-ext-regular.svg]
[www.theiptv.store/-_-/common/fonts/Poppins-latin_latin-ext-italic.svg]
[www.theiptv.store/-_-/common/fonts/Poppins-latin_latin-ext-500.svg]
[www.theiptv.store/-_-/common/fonts/Poppins-latin_latin-ext-700.svg]
[www.theiptv.store/-_-/common/fonts/Poppins-latin_latin-ext-500italic.svg]
[www.theiptv.store/-_-/common/fonts/Poppins-latin_latin-ext-700italic.svg]
[www.theiptv.store/-_-/common/fonts/OpenSans-latin_latin-ext-regular.svg]
[www.theiptv.store/-_-/common/fonts/OpenSans-latin_latin-ext-italic.svg]
[www.theiptv.store/-_-/common/fonts/OpenSans-latin_latin-ext-700.svg]
[www.theiptv.store/-_-/common/fonts/OpenSans-latin_latin-ext-700italic.svg]
[www.theiptv.store/_/-_-/res/b09cf76d-2972-451a-8e07-8e8f07105657/images/files/b09cf76d-2972-451a-8e07-8e8f07105657/4445acfb-dfae-4bcc-af00-c240bf5ebebe/2000-1333/1c041f27c53f6947cf76510995523c836d217044_.html]
[www.theiptv.store/-_-/common/services/shop/shop.js]
[www.theiptv.store/Trident/index.html]
[www.theiptv.store/-_-/res/b09cf76d-2972-451a-8e07-8e8f07105657/images/files/b09cf76d-2972-451a-8e07-8e8f07105657/3c163532-d667-42d2-b534-e055deb17ac3/581-354/fa65bafe403374e7927cadd17e676256dd64f537.png]
[www.theiptv.store/-_-/res/b09cf76d-2972-451a-8e07-8e8f07105657/images/files/b09cf76d-2972-451a-8e07-8e8f07105657/974a8c2a-f9ef-4b89-b48a-40fbbd4030d6/591-337/44899f016fe71ce080308eea212a3fcceca574a0.jpg]
[www.theiptv.store/shop.html]
[www.theiptv.store/-_-/res/b09cf76d-2972-451a-8e07-8e8f07105657/images/files/b09cf76d-2972-451a-8e07-8e8f07105657/5c2d0d49-1685-4430-9d60-9a41b22fb00c/512-128/a1561c50e6b7ad8adba2566e76ef0fe0551f4a3f.png]
[www.theiptv.store/contact.html]
[www.theiptv.store/-_-/common/services/forms/forms.js]
[www.theiptv.store/-_-/res/b09cf76d-2972-451a-8e07-8e8f07105657/images/files/b09cf76d-2972-451a-8e07-8e8f07105657/5c2d0d49-1685-4430-9d60-9a41b22fb00c/501-125/cc5da7dfb81f16446666d68b0a872645d75fd2c1.png]
[www.theiptv.store/reseller.html]
[www.theiptv.store/shop00c4.html]
[www.theiptv.store/shop6cbd.html]
[www.theiptv.store/_/-_-/res/b09cf76d-2972-451a-8e07-8e8f07105657/images/files/b09cf76d-2972-451a-8e07-8e8f07105657/20c611ca-e549-4e63-9cf8-f2f8b2c7147f/2000-1125/b304a30b819876d51412f92830a24ca0be901223_.html]
[www.theiptv.store/-_-/common/fonts/SourceSansPro-latin_latin-ext-regular.svg]
[www.theiptv.store/-_-/common/fonts/SourceSansPro-latin_latin-ext-italic.svg]
[www.theiptv.store/-_-/common/fonts/SourceSansPro-latin_latin-ext-700.svg]
[www.theiptv.store/-_-/common/fonts/SourceSansPro-latin_latin-ext-700italic.svg]
[www.theiptv.store/-_-/common/fonts/BalooChettan-latin_latin-ext-regular.svg]
[www.theiptv.store/-_-/common/fonts/Oswald-latin_latin-ext-regular.svg]
[www.theiptv.store/-_-/common/fonts/Oswald-latin_latin-ext-500.svg]
[www.theiptv.store/-_-/common/fonts/Oswald-latin_latin-ext-700.svg]
[www.theiptv.store/legal-notice.html]
[www.theiptv.store/-_-/res/b09cf76d-2972-451a-8e07-8e8f07105657/images/files/b09cf76d-2972-451a-8e07-8e8f07105657/5c2d0d49-1685-4430-9d60-9a41b22fb00c/506-127/54b7bf6ffb0050d22beb696dc15c66f6d8a0f446.png]
[www.theiptv.store/privacy-policy.html]
[www.theiptv.store/-_-/res/b09cf76d-2972-451a-8e07-8e8f07105657/images/files/b09cf76d-2972-451a-8e07-8e8f07105657/5c2d0d49-1685-4430-9d60-9a41b22fb00c/512-123/66ef1988a2e70a96cede9b11d48dded05a578aef.png]
[www.theiptv.store/terms-and-conditions.html]
[www.theiptv.store/refunds.html]
[www.theiptv.store/Trident/index.html]
